// Vitest Snapshot v1

exports[`turn 0 > snapshot 1`] = `
{
  "actionId": 1,
  "log": [],
}
`;
