// Jest Snapshot v1, https://goo.gl/fbAQLP

exports[`turn 0 1`] = `
{
  "actionId": {
    "nextActionId": 1
  },
  "game": {
    "name": "",
    "turn": 0
  },
  "bogeys": {},
  "log": []
}
`;

exports[`turn 1 1`] = `
{
  "actionId": {
    "nextActionId": 12
  },
  "game": {
    "name": "gemini",
    "turn": 1,
    "players": [
      "yanick",
      "yenzie"
    ]
  },
  "bogeys": {
    "enkidu": {
      "id": "enkidu",
      "name": "enkidu",
      "drive": {
        "current": 6,
        "rating": 6,
        "damageLevel": 0
      },
      "navigation": {
        "thrustUsed": 3,
        "trajectory": [
          {
            "type": "POSITION",
            "coords": [
              0,
              0
            ]
          },
          {
            "type": "BANK",
            "delta": [
              1,
              0
            ],
            "coords": [
              1,
              0
            ]
          },
          {
            "type": "ROTATE",
            "delta": 0,
            "heading": 0
          },
          {
            "type": "ROTATE",
            "delta": 1,
            "heading": 1
          },
          {
            "type": "MOVE",
            "delta": [
              0.5,
              0.87
            ],
            "coords": [
              1.5,
              0.87
            ]
          }
        ],
        "maneuvers": {
          "thrust": [
            0,
            4
          ],
          "bank": [
            -3,
            3
          ],
          "turn": [
            -3,
            3
          ]
        },
        "heading": 1,
        "coords": [
          1.5,
          0.87
        ],
        "velocity": 1,
        "effectiveOrders": {
          "thrust": 1,
          "bank": 1,
          "turn": 1
        }
      },
      "weaponry": {
        "firecons": {
          "1": {
            "id": 1
          }
        },
        "shields": {
          "1": {
            "id": 1,
            "level": 1,
            "damaged": false
          },
          "2": {
            "id": 2,
            "level": 2,
            "damaged": false
          }
        },
        "weapons": {
          "1": {
            "weaponType": "beam",
            "weaponClass": 2,
            "arcs": [
              "F"
            ],
            "id": 1
          },
          "2": {
            "arcs": [
              "FS"
            ],
            "weaponType": "beam",
            "weaponClass": 1,
            "id": 2
          },
          "3": {
            "arcs": [
              "FP"
            ],
            "weaponType": "beam",
            "weaponClass": 1,
            "id": 3
          }
        }
      },
      "structure": {
        "hull": {
          "rating": 4,
          "current": 4
        },
        "armor": {
          "rating": 4,
          "current": 4
        }
      },
      "playerId": "yanick",
      "orders": {
        "navigation": {
          "thrust": 1,
          "turn": 1,
          "bank": 1
        }
      }
    },
    "siduri": {
      "id": "siduri",
      "name": "siduri",
      "drive": {
        "rating": 6,
        "current": 6
      },
      "navigation": {
        "thrustUsed": 1,
        "trajectory": [
          {
            "type": "POSITION",
            "coords": [
              10,
              10
            ]
          },
          {
            "type": "MOVE",
            "delta": [
              0,
              -1
            ],
            "coords": [
              10,
              9
            ]
          }
        ],
        "maneuvers": {
          "thrust": [
            0,
            6
          ],
          "bank": [
            -3,
            3
          ],
          "turn": [
            -3,
            3
          ]
        },
        "heading": 6,
        "coords": [
          10,
          9
        ],
        "velocity": 1,
        "effectiveOrders": {
          "thrust": 1,
          "bank": 0,
          "turn": 0
        }
      },
      "playerId": "yenzie",
      "weaponry": {
        "shields": {
          "1": {
            "id": 1,
            "level": 1,
            "damaged": false
          },
          "2": {
            "id": 2,
            "level": 2,
            "damaged": false
          }
        },
        "firecons": {},
        "weapons": {}
      },
      "structure": {
        "hull": {
          "rating": 4,
          "current": 4
        },
        "shields": [
          1,
          2
        ],
        "armor": {
          "rating": 4,
          "current": 4
        }
      },
      "orders": {
        "navigation": {
          "thrust": 1,
          "bank": 0,
          "turn": 0
        }
      }
    }
  },
  "log": [
    {
      "type": "initGame",
      "payload": {
        "game": {
          "name": "gemini",
          "players": [
            "yanick",
            "yenzie"
          ]
        },
        "bogeys": [
          {
            "name": "enkidu",
            "drive": 6,
            "navigation": {
              "coords": [
                0,
                0
              ]
            },
            "weaponry": {
              "firecons": 1,
              "shields": [
                1,
                2
              ],
              "weapons": [
                {
                  "weaponType": "beam",
                  "weaponClass": 2,
                  "arcs": [
                    "F"
                  ]
                },
                {
                  "arcs": [
                    "FS"
                  ],
                  "weaponType": "beam",
                  "weaponClass": 1
                },
                {
                  "arcs": [
                    "FP"
                  ],
                  "weaponType": "beam",
                  "weaponClass": 1
                }
              ]
            },
            "structure": {
              "hull": 4,
              "armor": 4
            },
            "playerId": "yanick"
          },
          {
            "name": "siduri",
            "drive": {
              "rating": 6,
              "current": 6
            },
            "navigation": {
              "coords": [
                10,
                10
              ],
              "heading": 6
            },
            "playerId": "yenzie",
            "weaponry": {
              "shields": [
                1,
                2
              ]
            },
            "structure": {
              "hull": 4,
              "shields": [
                1,
                2
              ],
              "armor": 4
            }
          }
        ]
      },
      "meta": {
        "actionId": 1
      }
    },
    {
      "type": "setOrders",
      "payload": {
        "bogeyId": "enkidu",
        "orders": {
          "navigation": {
            "thrust": 1,
            "turn": 1,
            "bank": 1
          }
        }
      },
      "meta": {
        "actionId": 2
      }
    },
    {
      "type": "setOrders",
      "payload": {
        "bogeyId": "siduri",
        "orders": {
          "navigation": {
            "thrust": 1,
            "bank": 0,
            "turn": 0
          }
        }
      },
      "meta": {
        "actionId": 3
      }
    },
    {
      "type": "playTurn",
      "meta": {
        "actionId": 4
      }
    },
    {
      "type": "movementPhase",
      "meta": {
        "parentActionId": 4,
        "actionId": 5
      }
    },
    {
      "type": "bogeyMovementResolution",
      "payload": {
        "bogeyId": "enkidu",
        "movement": {
          "thrustUsed": 3,
          "trajectory": [
            {
              "type": "POSITION",
              "coords": [
                0,
                0
              ]
            },
            {
              "type": "BANK",
              "delta": [
                1,
                0
              ],
              "coords": [
                1,
                0
              ]
            },
            {
              "type": "ROTATE",
              "delta": 0,
              "heading": 0
            },
            {
              "type": "ROTATE",
              "delta": 1,
              "heading": 1
            },
            {
              "type": "MOVE",
              "delta": [
                0.5,
                0.87
              ],
              "coords": [
                1.5,
                0.87
              ]
            }
          ],
          "maneuvers": {
            "thrust": [
              0,
              4
            ],
            "bank": [
              -3,
              3
            ],
            "turn": [
              -3,
              3
            ]
          },
          "heading": 1,
          "coords": [
            1.5,
            0.87
          ],
          "velocity": 1,
          "effectiveOrders": {
            "thrust": 1,
            "bank": 1,
            "turn": 1
          }
        }
      },
      "meta": {
        "parentActionId": 5,
        "actionId": 6
      }
    },
    {
      "type": "bogeyMovementResolution",
      "payload": {
        "bogeyId": "siduri",
        "movement": {
          "thrustUsed": 1,
          "trajectory": [
            {
              "type": "POSITION",
              "coords": [
                10,
                10
              ]
            },
            {
              "type": "MOVE",
              "delta": [
                0,
                -1
              ],
              "coords": [
                10,
                9
              ]
            }
          ],
          "maneuvers": {
            "thrust": [
              0,
              6
            ],
            "bank": [
              -3,
              3
            ],
            "turn": [
              -3,
              3
            ]
          },
          "heading": 6,
          "coords": [
            10,
            9
          ],
          "velocity": 1,
          "effectiveOrders": {
            "thrust": 1,
            "bank": 0,
            "turn": 0
          }
        }
      },
      "meta": {
        "parentActionId": 5,
        "actionId": 7
      }
    },
    {
      "type": "fireconOrdersPhase",
      "meta": {
        "parentActionId": 4,
        "actionId": 8
      }
    },
    {
      "type": "weaponOrdersPhase",
      "meta": {
        "parentActionId": 4,
        "actionId": 9
      }
    },
    {
      "type": "weaponFiringPhase",
      "meta": {
        "parentActionId": 4,
        "actionId": 10
      }
    },
    {
      "type": "clearOrders",
      "meta": {
        "parentActionId": 4,
        "actionId": 11
      }
    }
  ]
}
`;
